core_cm4.h:1724:22:__NVIC_DisableIRQ	16	static
drv_usart.c:99:17:stm32_configure	24	static
drv_usart.c:166:17:stm32_control	32	static
drv_usart.c:237:12:stm32_putc	24	static
drv_usart.c:255:12:stm32_getc	24	static
drv_usart.c:276:18:stm32_dma_transmit	32	static
drv_usart.c:307:13:uart_isr	32	static
drv_usart.c:396:13:dma_isr	32	static
drv_usart.c:430:6:USART1_IRQHandler	8	static
drv_usart.c:751:13:stm32_uart_get_dma_config	4	static
drv_usart.c:839:13:stm32_dma_config	40	static
drv_usart.c:967:6:HAL_UART_ErrorCallback	24	static
drv_usart.c:982:6:HAL_UART_RxCpltCallback	24	static
drv_usart.c:997:6:HAL_UART_RxHalfCpltCallback	24	static
drv_usart.c:1005:13:_dma_tx_complete	32	static
drv_usart.c:1031:6:HAL_UART_TxCpltCallback	24	static
drv_usart.c:1049:5:rt_hw_usart_init	40	static
