drv_gpio.c:298:32:get_pin	24	static
drv_gpio.c:316:13:stm32_pin_write	32	static
drv_gpio.c:329:12:stm32_pin_read	24	static
drv_gpio.c:347:13:stm32_pin_mode	48	static
drv_gpio.c:398:22:bit2bitno	24	static
drv_gpio.c:411:37:get_pin_irq_map	24	static
drv_gpio.c:421:17:stm32_pin_attach_irq	40	static
drv_gpio.c:462:17:stm32_pin_dettach_irq	32	static
drv_gpio.c:494:17:stm32_pin_irq_enable	64	static
drv_gpio.c:632:16:pin_irq_hdr	16	static
drv_gpio.c:651:6:HAL_GPIO_EXTI_Callback	16	static
drv_gpio.c:790:6:EXTI0_IRQHandler	8	static
drv_gpio.c:797:6:EXTI1_IRQHandler	8	static
drv_gpio.c:804:6:EXTI2_IRQHandler	8	static
drv_gpio.c:811:6:EXTI3_IRQHandler	8	static
drv_gpio.c:818:6:EXTI4_IRQHandler	8	static
drv_gpio.c:825:6:EXTI9_5_IRQHandler	8	static
drv_gpio.c:836:6:EXTI15_10_IRQHandler	8	static
drv_gpio.c:849:5:rt_hw_pin_init	40	static
